// Jest Snapshot v1, https://goo.gl/fbAQLP

exports[`Divider matches snapshot 1`] = `
ReactWrapper {
  "length": 1,
  Symbol(enzyme.__unrendered__): <Unknown />,
  Symbol(enzyme.__renderer__): Object {
    "batchedUpdates": [Function],
    "getNode": [Function],
    "render": [Function],
    "simulateEvent": [Function],
    "unmount": [Function],
  },
  Symbol(enzyme.__root__): [Circular],
  Symbol(enzyme.__node__): Object {
    "instance": null,
    "key": undefined,
    "nodeType": "function",
    "props": Object {},
    "ref": null,
    "rendered": Object {
      "instance": <div
        class="row"
>
        <div
                class="column"
        >
                <hr />
        </div>
</div>,
      "key": undefined,
      "nodeType": "host",
      "props": Object {
        "children": <div
          className="column"
>
          <hr />
</div>,
        "className": "row",
      },
      "ref": null,
      "rendered": Array [
        Object {
          "instance": <div
            class="column"
>
            <hr />
</div>,
          "key": undefined,
          "nodeType": "host",
          "props": Object {
            "children": <hr />,
            "className": "column",
          },
          "ref": null,
          "rendered": Array [
            Object {
              "instance": <hr />,
              "key": undefined,
              "nodeType": "host",
              "props": Object {},
              "ref": null,
              "rendered": Array [
                undefined,
              ],
              "type": "hr",
            },
          ],
          "type": "div",
        },
      ],
      "type": "div",
    },
    "type": [Function],
  },
  Symbol(enzyme.__nodes__): Array [
    Object {
      "instance": null,
      "key": undefined,
      "nodeType": "function",
      "props": Object {},
      "ref": null,
      "rendered": Object {
        "instance": <div
          class="row"
>
          <div
                    class="column"
          >
                    <hr />
          </div>
</div>,
        "key": undefined,
        "nodeType": "host",
        "props": Object {
          "children": <div
            className="column"
>
            <hr />
</div>,
          "className": "row",
        },
        "ref": null,
        "rendered": Array [
          Object {
            "instance": <div
              class="column"
>
              <hr />
</div>,
            "key": undefined,
            "nodeType": "host",
            "props": Object {
              "children": <hr />,
              "className": "column",
            },
            "ref": null,
            "rendered": Array [
              Object {
                "instance": <hr />,
                "key": undefined,
                "nodeType": "host",
                "props": Object {},
                "ref": null,
                "rendered": Array [
                  undefined,
                ],
                "type": "hr",
              },
            ],
            "type": "div",
          },
        ],
        "type": "div",
      },
      "type": [Function],
    },
  ],
  Symbol(enzyme.__options__): Object {
    "adapter": ReactSixteenAdapter {
      "options": Object {
        "enableComponentDidUpdateOnSetState": true,
      },
    },
  },
}
`;
