// Jest Snapshot v1, https://goo.gl/fbAQLP

exports[`PayrollReport matches snapshot 1`] = `
ShallowWrapper {
  "length": 1,
  Symbol(enzyme.__root__): [Circular],
  Symbol(enzyme.__unrendered__): <PayrollReport />,
  Symbol(enzyme.__renderer__): Object {
    "batchedUpdates": [Function],
    "getNode": [Function],
    "render": [Function],
    "simulateEvent": [Function],
    "unmount": [Function],
  },
  Symbol(enzyme.__node__): Object {
    "instance": null,
    "key": undefined,
    "nodeType": "host",
    "props": Object {
      "children": <div
        className="column"
>
        <table>
                <thead>
                        <tr>
                                <th>
                                        Employee ID
                                </th>
                                <th>
                                        Pay Period
                                </th>
                                <th>
                                        Amount Paid
                                </th>
                        </tr>
                </thead>
                <tbody>
                        
                </tbody>
        </table>
</div>,
      "className": "row",
    },
    "ref": null,
    "rendered": Object {
      "instance": null,
      "key": undefined,
      "nodeType": "host",
      "props": Object {
        "children": <table>
          <thead>
                    <tr>
                              <th>
                                        Employee ID
                              </th>
                              <th>
                                        Pay Period
                              </th>
                              <th>
                                        Amount Paid
                              </th>
                    </tr>
          </thead>
          <tbody>
                    
          </tbody>
</table>,
        "className": "column",
      },
      "ref": null,
      "rendered": Object {
        "instance": null,
        "key": undefined,
        "nodeType": "host",
        "props": Object {
          "children": Array [
            <thead>
              <tr>
                            <th>
                                          Employee ID
                            </th>
                            <th>
                                          Pay Period
                            </th>
                            <th>
                                          Amount Paid
                            </th>
              </tr>
</thead>,
            <tbody>
              
</tbody>,
          ],
        },
        "ref": null,
        "rendered": Array [
          Object {
            "instance": null,
            "key": undefined,
            "nodeType": "host",
            "props": Object {
              "children": <tr>
                <th>
                                Employee ID
                </th>
                <th>
                                Pay Period
                </th>
                <th>
                                Amount Paid
                </th>
</tr>,
            },
            "ref": null,
            "rendered": Object {
              "instance": null,
              "key": undefined,
              "nodeType": "host",
              "props": Object {
                "children": Array [
                  <th>
                    Employee ID
</th>,
                  <th>
                    Pay Period
</th>,
                  <th>
                    Amount Paid
</th>,
                ],
              },
              "ref": null,
              "rendered": Array [
                Object {
                  "instance": null,
                  "key": undefined,
                  "nodeType": "host",
                  "props": Object {
                    "children": "Employee ID",
                  },
                  "ref": null,
                  "rendered": "Employee ID",
                  "type": "th",
                },
                Object {
                  "instance": null,
                  "key": undefined,
                  "nodeType": "host",
                  "props": Object {
                    "children": "Pay Period",
                  },
                  "ref": null,
                  "rendered": "Pay Period",
                  "type": "th",
                },
                Object {
                  "instance": null,
                  "key": undefined,
                  "nodeType": "host",
                  "props": Object {
                    "children": "Amount Paid",
                  },
                  "ref": null,
                  "rendered": "Amount Paid",
                  "type": "th",
                },
              ],
              "type": "tr",
            },
            "type": "thead",
          },
          Object {
            "instance": null,
            "key": undefined,
            "nodeType": "host",
            "props": Object {
              "children": Array [],
            },
            "ref": null,
            "rendered": Array [],
            "type": "tbody",
          },
        ],
        "type": "table",
      },
      "type": "div",
    },
    "type": "div",
  },
  Symbol(enzyme.__nodes__): Array [
    Object {
      "instance": null,
      "key": undefined,
      "nodeType": "host",
      "props": Object {
        "children": <div
          className="column"
>
          <table>
                    <thead>
                              <tr>
                                        <th>
                                                  Employee ID
                                        </th>
                                        <th>
                                                  Pay Period
                                        </th>
                                        <th>
                                                  Amount Paid
                                        </th>
                              </tr>
                    </thead>
                    <tbody>
                              
                    </tbody>
          </table>
</div>,
        "className": "row",
      },
      "ref": null,
      "rendered": Object {
        "instance": null,
        "key": undefined,
        "nodeType": "host",
        "props": Object {
          "children": <table>
            <thead>
                        <tr>
                                    <th>
                                                Employee ID
                                    </th>
                                    <th>
                                                Pay Period
                                    </th>
                                    <th>
                                                Amount Paid
                                    </th>
                        </tr>
            </thead>
            <tbody>
                        
            </tbody>
</table>,
          "className": "column",
        },
        "ref": null,
        "rendered": Object {
          "instance": null,
          "key": undefined,
          "nodeType": "host",
          "props": Object {
            "children": Array [
              <thead>
                <tr>
                                <th>
                                                Employee ID
                                </th>
                                <th>
                                                Pay Period
                                </th>
                                <th>
                                                Amount Paid
                                </th>
                </tr>
</thead>,
              <tbody>
                
</tbody>,
            ],
          },
          "ref": null,
          "rendered": Array [
            Object {
              "instance": null,
              "key": undefined,
              "nodeType": "host",
              "props": Object {
                "children": <tr>
                  <th>
                                    Employee ID
                  </th>
                  <th>
                                    Pay Period
                  </th>
                  <th>
                                    Amount Paid
                  </th>
</tr>,
              },
              "ref": null,
              "rendered": Object {
                "instance": null,
                "key": undefined,
                "nodeType": "host",
                "props": Object {
                  "children": Array [
                    <th>
                      Employee ID
</th>,
                    <th>
                      Pay Period
</th>,
                    <th>
                      Amount Paid
</th>,
                  ],
                },
                "ref": null,
                "rendered": Array [
                  Object {
                    "instance": null,
                    "key": undefined,
                    "nodeType": "host",
                    "props": Object {
                      "children": "Employee ID",
                    },
                    "ref": null,
                    "rendered": "Employee ID",
                    "type": "th",
                  },
                  Object {
                    "instance": null,
                    "key": undefined,
                    "nodeType": "host",
                    "props": Object {
                      "children": "Pay Period",
                    },
                    "ref": null,
                    "rendered": "Pay Period",
                    "type": "th",
                  },
                  Object {
                    "instance": null,
                    "key": undefined,
                    "nodeType": "host",
                    "props": Object {
                      "children": "Amount Paid",
                    },
                    "ref": null,
                    "rendered": "Amount Paid",
                    "type": "th",
                  },
                ],
                "type": "tr",
              },
              "type": "thead",
            },
            Object {
              "instance": null,
              "key": undefined,
              "nodeType": "host",
              "props": Object {
                "children": Array [],
              },
              "ref": null,
              "rendered": Array [],
              "type": "tbody",
            },
          ],
          "type": "table",
        },
        "type": "div",
      },
      "type": "div",
    },
  ],
  Symbol(enzyme.__options__): Object {
    "adapter": ReactSixteenAdapter {
      "options": Object {
        "enableComponentDidUpdateOnSetState": true,
      },
    },
  },
}
`;
