// Jest Snapshot v1, https://goo.gl/fbAQLP

exports[`ReportUploader matches snapshot 1`] = `
ReactWrapper {
  "length": 1,
  Symbol(enzyme.__unrendered__): <Unknown />,
  Symbol(enzyme.__renderer__): Object {
    "batchedUpdates": [Function],
    "getNode": [Function],
    "render": [Function],
    "simulateEvent": [Function],
    "unmount": [Function],
  },
  Symbol(enzyme.__root__): [Circular],
  Symbol(enzyme.__node__): Object {
    "instance": null,
    "key": undefined,
    "nodeType": "function",
    "props": Object {},
    "ref": null,
    "rendered": Object {
      "instance": <div
        class="row"
>
        <div
                class="column"
        >
                <form
                        action="#"
                        style="text-align: center;"
                >
                        <fieldset>
                                <h4>
                                        Upload Payroll Report CSV
                                </h4>
                                <input
                                        type="file"
                                        id="reportFile"
                                />
                                <input
                                        type="submit"
                                        class="button-primary"
                                        value="Upload"
                                />
                        </fieldset>
                </form>
        </div>
</div>,
      "key": undefined,
      "nodeType": "host",
      "props": Object {
        "children": <div
          className="column"
>
          <form
                    action="#"
                    style={
                              Object {
                                        "textAlign": "center",
                                      }
                    }
          >
                    <fieldset>
                              <h4>
                                        Upload Payroll Report CSV
                              </h4>
                              <input
                                        id="reportFile"
                                        type="file"
                              />
                              <input
                                        className="button-primary"
                                        type="submit"
                                        value="Upload"
                              />
                    </fieldset>
          </form>
</div>,
        "className": "row",
      },
      "ref": null,
      "rendered": Array [
        Object {
          "instance": <div
            class="column"
>
            <form
                        action="#"
                        style="text-align: center;"
            >
                        <fieldset>
                                    <h4>
                                                Upload Payroll Report CSV
                                    </h4>
                                    <input
                                                type="file"
                                                id="reportFile"
                                    />
                                    <input
                                                type="submit"
                                                class="button-primary"
                                                value="Upload"
                                    />
                        </fieldset>
            </form>
</div>,
          "key": undefined,
          "nodeType": "host",
          "props": Object {
            "children": <form
              action="#"
              style={
                            Object {
                                          "textAlign": "center",
                                        }
              }
>
              <fieldset>
                            <h4>
                                          Upload Payroll Report CSV
                            </h4>
                            <input
                                          id="reportFile"
                                          type="file"
                            />
                            <input
                                          className="button-primary"
                                          type="submit"
                                          value="Upload"
                            />
              </fieldset>
</form>,
            "className": "column",
          },
          "ref": null,
          "rendered": Array [
            Object {
              "instance": <form
                action="#"
                style="text-align: center;"
>
                <fieldset>
                                <h4>
                                                Upload Payroll Report CSV
                                </h4>
                                <input
                                                type="file"
                                                id="reportFile"
                                />
                                <input
                                                type="submit"
                                                class="button-primary"
                                                value="Upload"
                                />
                </fieldset>
</form>,
              "key": undefined,
              "nodeType": "host",
              "props": Object {
                "action": "#",
                "children": <fieldset>
                  <h4>
                                    Upload Payroll Report CSV
                  </h4>
                  <input
                                    id="reportFile"
                                    type="file"
                  />
                  <input
                                    className="button-primary"
                                    type="submit"
                                    value="Upload"
                  />
</fieldset>,
                "style": Object {
                  "textAlign": "center",
                },
              },
              "ref": null,
              "rendered": Array [
                Object {
                  "instance": <fieldset>
                    <h4>
                                        Upload Payroll Report CSV
                    </h4>
                    <input
                                        type="file"
                                        id="reportFile"
                    />
                    <input
                                        type="submit"
                                        class="button-primary"
                                        value="Upload"
                    />
</fieldset>,
                  "key": undefined,
                  "nodeType": "host",
                  "props": Object {
                    "children": Array [
                      <h4>
                        Upload Payroll Report CSV
</h4>,
                      <input
                        id="reportFile"
                        type="file"
/>,
                      <input
                        className="button-primary"
                        type="submit"
                        value="Upload"
/>,
                    ],
                  },
                  "ref": null,
                  "rendered": Array [
                    Object {
                      "instance": <h4>
                        Upload Payroll Report CSV
</h4>,
                      "key": undefined,
                      "nodeType": "host",
                      "props": Object {
                        "children": "Upload Payroll Report CSV",
                      },
                      "ref": null,
                      "rendered": Array [
                        "Upload Payroll Report CSV",
                      ],
                      "type": "h4",
                    },
                    Object {
                      "instance": <input
                        type="file"
                        id="reportFile"
/>,
                      "key": undefined,
                      "nodeType": "host",
                      "props": Object {
                        "id": "reportFile",
                        "type": "file",
                      },
                      "ref": null,
                      "rendered": Array [
                        undefined,
                      ],
                      "type": "input",
                    },
                    Object {
                      "instance": <input
                        type="submit"
                        class="button-primary"
                        value="Upload"
/>,
                      "key": undefined,
                      "nodeType": "host",
                      "props": Object {
                        "className": "button-primary",
                        "type": "submit",
                        "value": "Upload",
                      },
                      "ref": null,
                      "rendered": Array [
                        undefined,
                      ],
                      "type": "input",
                    },
                  ],
                  "type": "fieldset",
                },
              ],
              "type": "form",
            },
          ],
          "type": "div",
        },
      ],
      "type": "div",
    },
    "type": [Function],
  },
  Symbol(enzyme.__nodes__): Array [
    Object {
      "instance": null,
      "key": undefined,
      "nodeType": "function",
      "props": Object {},
      "ref": null,
      "rendered": Object {
        "instance": <div
          class="row"
>
          <div
                    class="column"
          >
                    <form
                              action="#"
                              style="text-align: center;"
                    >
                              <fieldset>
                                        <h4>
                                                  Upload Payroll Report CSV
                                        </h4>
                                        <input
                                                  type="file"
                                                  id="reportFile"
                                        />
                                        <input
                                                  type="submit"
                                                  class="button-primary"
                                                  value="Upload"
                                        />
                              </fieldset>
                    </form>
          </div>
</div>,
        "key": undefined,
        "nodeType": "host",
        "props": Object {
          "children": <div
            className="column"
>
            <form
                        action="#"
                        style={
                                    Object {
                                                "textAlign": "center",
                                              }
                        }
            >
                        <fieldset>
                                    <h4>
                                                Upload Payroll Report CSV
                                    </h4>
                                    <input
                                                id="reportFile"
                                                type="file"
                                    />
                                    <input
                                                className="button-primary"
                                                type="submit"
                                                value="Upload"
                                    />
                        </fieldset>
            </form>
</div>,
          "className": "row",
        },
        "ref": null,
        "rendered": Array [
          Object {
            "instance": <div
              class="column"
>
              <form
                            action="#"
                            style="text-align: center;"
              >
                            <fieldset>
                                          <h4>
                                                        Upload Payroll Report CSV
                                          </h4>
                                          <input
                                                        type="file"
                                                        id="reportFile"
                                          />
                                          <input
                                                        type="submit"
                                                        class="button-primary"
                                                        value="Upload"
                                          />
                            </fieldset>
              </form>
</div>,
            "key": undefined,
            "nodeType": "host",
            "props": Object {
              "children": <form
                action="#"
                style={
                                Object {
                                                "textAlign": "center",
                                              }
                }
>
                <fieldset>
                                <h4>
                                                Upload Payroll Report CSV
                                </h4>
                                <input
                                                id="reportFile"
                                                type="file"
                                />
                                <input
                                                className="button-primary"
                                                type="submit"
                                                value="Upload"
                                />
                </fieldset>
</form>,
              "className": "column",
            },
            "ref": null,
            "rendered": Array [
              Object {
                "instance": <form
                  action="#"
                  style="text-align: center;"
>
                  <fieldset>
                                    <h4>
                                                      Upload Payroll Report CSV
                                    </h4>
                                    <input
                                                      type="file"
                                                      id="reportFile"
                                    />
                                    <input
                                                      type="submit"
                                                      class="button-primary"
                                                      value="Upload"
                                    />
                  </fieldset>
</form>,
                "key": undefined,
                "nodeType": "host",
                "props": Object {
                  "action": "#",
                  "children": <fieldset>
                    <h4>
                                        Upload Payroll Report CSV
                    </h4>
                    <input
                                        id="reportFile"
                                        type="file"
                    />
                    <input
                                        className="button-primary"
                                        type="submit"
                                        value="Upload"
                    />
</fieldset>,
                  "style": Object {
                    "textAlign": "center",
                  },
                },
                "ref": null,
                "rendered": Array [
                  Object {
                    "instance": <fieldset>
                      <h4>
                                            Upload Payroll Report CSV
                      </h4>
                      <input
                                            type="file"
                                            id="reportFile"
                      />
                      <input
                                            type="submit"
                                            class="button-primary"
                                            value="Upload"
                      />
</fieldset>,
                    "key": undefined,
                    "nodeType": "host",
                    "props": Object {
                      "children": Array [
                        <h4>
                          Upload Payroll Report CSV
</h4>,
                        <input
                          id="reportFile"
                          type="file"
/>,
                        <input
                          className="button-primary"
                          type="submit"
                          value="Upload"
/>,
                      ],
                    },
                    "ref": null,
                    "rendered": Array [
                      Object {
                        "instance": <h4>
                          Upload Payroll Report CSV
</h4>,
                        "key": undefined,
                        "nodeType": "host",
                        "props": Object {
                          "children": "Upload Payroll Report CSV",
                        },
                        "ref": null,
                        "rendered": Array [
                          "Upload Payroll Report CSV",
                        ],
                        "type": "h4",
                      },
                      Object {
                        "instance": <input
                          type="file"
                          id="reportFile"
/>,
                        "key": undefined,
                        "nodeType": "host",
                        "props": Object {
                          "id": "reportFile",
                          "type": "file",
                        },
                        "ref": null,
                        "rendered": Array [
                          undefined,
                        ],
                        "type": "input",
                      },
                      Object {
                        "instance": <input
                          type="submit"
                          class="button-primary"
                          value="Upload"
/>,
                        "key": undefined,
                        "nodeType": "host",
                        "props": Object {
                          "className": "button-primary",
                          "type": "submit",
                          "value": "Upload",
                        },
                        "ref": null,
                        "rendered": Array [
                          undefined,
                        ],
                        "type": "input",
                      },
                    ],
                    "type": "fieldset",
                  },
                ],
                "type": "form",
              },
            ],
            "type": "div",
          },
        ],
        "type": "div",
      },
      "type": [Function],
    },
  ],
  Symbol(enzyme.__options__): Object {
    "adapter": ReactSixteenAdapter {
      "options": Object {
        "enableComponentDidUpdateOnSetState": true,
      },
    },
  },
}
`;
